[2026-05-04 14:05:00] log.info: Iniciando correção do loop de carregamento infinito no compartilhamento do Facebook.
[2026-05-04 14:05:05] log.info: Analisando src/app/noticia/[slug]/page.tsx e src/lib/image-utils.ts.
[2026-05-04 14:05:10] log.info: Identificada necessidade de usar getOptimizedImageUrl para garantir URLs absolutas e otimização de tamanho (WebP/JPG) nas metatags OpenGraph.
[2026-05-04 14:10:00] log.info: Refatoração concluída em src/app/noticia/[slug]/page.tsx.
[2026-05-04 14:10:05] log.info: Documentação atualizada em docs/0202_Noticia_Detalhe.md.
[2026-05-04 14:10:10] log.info: Preparando push para Vercel via Git.
[2026-05-04 14:15:00] log.info: Refinamento adicional: Forçada URL base sem 'www' e configurado dynamic='force-dynamic' para garantir SSR sempre atualizado.
[2026-05-04 14:15:05] log.info: Verificação de tags og:image:width e og:image:height via Next.js Metadata API.
[2026-05-04 14:30:00] log.info: Correção Crítica (Debugger): Removido 'www' de todos os fallbacks e URLs base para bater com redirecionamento 307 do servidor.
[2026-05-04 14:30:05] log.info: Correção fb:app_id: Removido dos objetos Metadata (que forçavam 'name') e mantido apenas no head do layout com 'property'.
[2026-05-04 14:32:00] log.error: Build falhou devido a uma chave extra em page.tsx. Corrigido imediatamente.
[2026-05-04 14:40:00] log.info: Reforço Agressivo: Implementada remoção automática de 'www.' em todas as URLs de metadados via String.replace() para anular discrepâncias com o servidor.
[2026-05-04 14:40:05] log.info: MetadataBase definido globalmente no layout.tsx como 'https://nossawebtv.com.br'.
[2026-05-04 14:45:00] log.info: Ajuste Crítico de Imagem: Removidos parâmetros de redimensionamento (?width=...) da og:image. O Facebook agora recebe o link direto e limpo do Supabase.
[2026-05-04 14:45:05] log.info: Verificada consistência da tag property='fb:app_id' e URL canônica sem 'www'.
[2026-05-04 14:55:00] log.info: Solução Radical: Domínio 'https://nossawebtv.com.br' hardcodado diretamente no código para anular quaisquer influências de variáveis de ambiente ou redirects de terceiros.
[2026-05-04 14:55:05] log.info: Limpeza Absoluta de og:image: Forçada URL pública direta do Supabase sem nenhum parâmetro de query.
[2026-05-04 15:00:00] log.info: Limpeza Profunda: Removidas todas as referências residuais de 'www.' em /api/noticia-og, sitemap.ts e teste-bot/page.tsx.
[2026-05-04 15:00:05] log.info: Verificada integridade de todos os links internos para garantir consistência com o domínio principal https://nossawebtv.com.br.
[2026-05-04 15:10:00] log.info: Refinamento de Compatibilidade: Adicionada tag og:image:type (image/jpeg ou image/png) para auxiliar o crawler da Meta no processamento imediato dos assets.
[2026-05-04 15:10:05] log.info: Revalidada a entrega via SSR das propriedades fb:app_id e og:url (sem www) em todos os pontos de entrada.
[2026-05-04 15:15:00] log.info: Inversão de Estratégia (www): Identificado que o servidor redireciona para a versão 'www'. Todas as URLs canônicas e OpenGraph foram alteradas para 'https://www.nossawebtv.com.br' para bater com o redirecionamento 307.
[2026-05-04 15:18:00] log.error: Erro de Premissa: A imagem do Depurador provou que o redirect 307 é PARA a versão SEM 'www'. Reverti imediatamente todo o projeto para 'https://nossawebtv.com.br'.
[2026-05-04 15:18:05] log.info: Verificada integridade de og:url e links canônicos para evitar o loop de redirecionamento.
[2026-05-04 16:35:00] log.info: Relatórios Administrativos: Removida métrica de 'Views Públicos (+9)'. Integrada coluna 'view_count' real para matérias.
[2026-05-04 16:35:05] log.info: Publicidade: Implementados filtros de data (gte/lte) nas queries de ad_impressions e ad_clicks para relatórios precisos por período.
[2026-05-04 16:35:10] log.info: Dashboard: Refatorada contagem total de matérias para ser 100% dinâmica via Supabase count.
[2026-05-04 16:50:00] log.info: Visualizações Reais: Criada função RPC increment_views para garantir incrementos atômicos e evitar concorrência no banco.
[2026-05-04 16:50:05] log.info: Gatilho Frontend: Implementada chamada RPC em NoticiaClient.tsx com controle via sessionStorage para contar apenas um acesso por sessão.
[2026-05-04 17:35:00] log.info: Ativação total: Adicionada coluna views_reais à tabela noticias e atualizada função RPC increment_views.
[2026-05-04 17:35:05] log.info: Rastreamento: Implementado log de auditoria no console do navegador ao registrar visualização.
[2026-05-04 17:35:10] log.info: Dashboard: Sincronizados todos os componentes de relatório para consumir dados da coluna views_reais.
[2026-05-04 17:45:00] log.info: Fix: Corrigido gatilho de visualização com log específico 'VIEW COMPUTADA COM SUCESSO'.
[2026-05-04 17:45:05] log.info: Relatórios: Garantido que NewsViewsClient use a tabela física 'noticias' em vez de views legadas.
[2026-05-04 17:58:00] log.info: UI/Home: Removido limite estático de 8 notícias. Implementada paginação em blocos de 8 com botão 'Ver Mais' e divisores dinâmicos.
[2026-05-04 17:58:05] log.info: UI/Home: Removido botão 'Ver Mais' do topo da seção Últimas Notícias para seguir novo layout de rodapé de bloco.
